===== king-of-madura =====
panel 1: A tropical island at dawn: Dutch ships offshore, a det…
  -> king-of-madura_01.jpg 900x900
panel 2: The English Indiaman Onslow riding at anchor near the …
  -> king-of-madura_02.jpg 900x900
panel 3: The captain's great cabin as the king, his son and the…
  -> king-of-madura_03.jpg 900x900
panel 4: Breaking dawn: a Dutch armed vessel sliding alongside,…
  -> king-of-madura_04.jpg 900x900
panel 5: Turmoil on the Onslow's deck: the Dutch demanding surr…
  -> king-of-madura_05.jpg 900x900
panel 6: The king seated in the great cabin, his troubled breas…
  -> king-of-madura_06.jpg 900x900
panel 7: A longboat bearing the king, the young prince and the …
  -> king-of-madura_07.jpg 900x900
panel 8: The Onslow's rail in the days after: men staring at th…
  -> king-of-madura_08.jpg 900x900
===== female-volunteer =====
panel 1: A Thames quay crowded with men, sailors, and departing…
  -> female-volunteer_01.jpg 900x900
panel 2: In the crush a figure in borrowed seaman's clothes hur…
  -> female-volunteer_02.jpg 900x900
panel 3: Aboard, the captain and officers turning to stare at t…
  -> female-volunteer_03.jpg 900x900
panel 4: The ship under sail at sea, a woman now one of the few…
  -> female-volunteer_04.jpg 900x900
===== prison-rock =====
panel 1: From the open sea, a towering black volcanic rock-isla…
  -> prison-rock_01.jpg 900x900
panel 2: The little settlement: a governor's house, planters' c…
  -> prison-rock_02.jpg 900x900
panel 3: A governor stepping ashore in disgrace, recalled by th…
  -> prison-rock_03.jpg 900x900
panel 4: A great house at night; a young officer's 'melancholy …
  -> prison-rock_04.jpg 900x900
panel 5: Noble on the quay, looking on as slaves labour—his pen…
  -> prison-rock_05.jpg 900x900
===== batavia-and-the-dutch =====
panel 1: A wide panorama of Batavia: canals criss-crossing a wa…
  -> batavia-and-the-dutch_01.jpg 900x900
panel 2: A state reception: the Governor of Batavia in full mag…
  -> batavia-and-the-dutch_02.jpg 900x900
panel 3: By a canal-side inn, Noble fanning himself against a c…
  -> batavia-and-the-dutch_03.jpg 900x900
panel 4: An alley at dusk: 'thief-catchers' closing in on a rag…
  -> batavia-and-the-dutch_04.jpg 900x900
panel 5: The mint: heavy silver dollars and rupees rolling out,…
  -> batavia-and-the-dutch_05.jpg 900x900
===== empire-of-china =====
panel 1: A view from the deck: the junks and coast of China app…
  -> empire-of-china_01.jpg 900x900
panel 2: A Mandarin's office of justice: a magistrate hearing a…
  -> empire-of-china_02.jpg 900x900
panel 3: A scholar's shop with a wooden press and stacked print…
  -> empire-of-china_03.jpg 900x900
panel 4: Pekin: the vast walled Forbidden City with its roofs r…
  -> empire-of-china_04.jpg 900x900
panel 5: A grand audience hall: ambassadors in rich robes advan…
  -> empire-of-china_05.jpg 900x900
panel 6: Beyond the Great Wall, endless grasslands of Tartary u…
  -> empire-of-china_06.jpg 900x900
===== canton-oddities =====
panel 1: A brimming Canton street-market: tubs of fish still la…
  -> canton-oddities_01.jpg 900x900
panel 2: A stall where caged dogs, cats and rats are shown for …
  -> canton-oddities_02.jpg 900x900
panel 3: A laden cowlie-porter pushing through the street, sell…
  -> canton-oddities_03.jpg 900x900
panel 4: Noble peering from a lane toward a terrace screened fr…
  -> canton-oddities_04.jpg 900x900
panel 5: An English sailor mid-caper in a Canton street, having…
  -> canton-oddities_05.jpg 900x900
panel 6: Inside the English factory: a calm room where an atten…
  -> canton-oddities_06.jpg 900x900
